// Jest Snapshot v1, https://goo.gl/fbAQLP

exports[`component 1`] = `
Array [
  .c0 {
  color: var(--colors_primary_main_color);
}

<div
    data-testid="test"
  >
    <h1
      class="c0"
    >
      Test
    </h1>
  </div>,
]
`;
